/home/julius/STM32CubeIDE/workspace_2.0.0/RobotV2/CMSIS/core_cm4.h:1684:22:__NVIC_EnableIRQ	16	static,ignoring_inline_asm
/home/julius/STM32CubeIDE/workspace_2.0.0/RobotV2/CMSIS/core_cm4.h:1775:22:__NVIC_ClearPendingIRQ	16	static
/home/julius/STM32CubeIDE/workspace_2.0.0/RobotV2/CMSIS/core_cm4.h:1814:22:__NVIC_SetPriority	16	static
../Src/usart.c:27:6:init_usart2	8	static
../Src/usart.c:68:6:USART2_IRQHandler	16	static
../Src/usart.c:79:20:UART_Transmit	16	static
../Src/usart.c:84:5:__io_getchar	8	static
../Src/usart.c:89:5:__io_putchar	16	static
../Src/usart.c:97:9:get_debug_cbfifo	4	static
../Src/usart.c:101:6:init_usart6	8	static
../Src/usart.c:143:6:USART6_IRQHandler	16	static
../Src/usart.c:154:9:get_bluetooth_cbfifo	4	static
